PLINK v1.9.0-b.7.7 64-bit (22 Oct 2024)
Options in effect:
  --make-bed
  --out data/ALL.2of4intersection.20100804.genotypes
  --vcf data/ALL.2of4intersection.20100804.genotypes.vcf.gz

Hostname: is158974
Working directory: /volatile/home/cp251292/gits/EBIII_N2/DNAseq/GWAS_tutorial
Start time: Sat May 31 17:17:18 2025

Random number seed: 1748704638
15447 MB RAM detected; reserving 7723 MB for main workspace.
--vcf: data/ALL.2of4intersection.20100804.genotypes-temporary.bed +
data/ALL.2of4intersection.20100804.genotypes-temporary.bim +
data/ALL.2of4intersection.20100804.genotypes-temporary.fam written.
25488488 variants loaded from .bim file.
629 people (0 males, 0 females, 629 ambiguous) loaded from .fam.
Ambiguous sex IDs written to data/ALL.2of4intersection.20100804.genotypes.nosex
.
Using 1 thread (no multithreaded calculations invoked).
Before main variant filters, 629 founders and 0 nonfounders present.
Calculating allele frequencies... done.
Total genotyping rate is 0.615305.
25488488 variants and 629 people pass filters and QC.
Note: No phenotypes present.
--make-bed to data/ALL.2of4intersection.20100804.genotypes.bed +
data/ALL.2of4intersection.20100804.genotypes.bim +
data/ALL.2of4intersection.20100804.genotypes.fam ... done.

End time: Sat May 31 17:34:11 2025
