PLINK v1.9.0-b.7.7 64-bit (22 Oct 2024)
Options in effect:
  --bfile data/ALL.2of4intersection.20100804.genotypes
  --make-bed
  --out ALL.2of4intersection.20100804.genotypes_no_missing_IDs
  --set-missing-var-ids @:#[b37]$1,$2

Hostname: is158974
Working directory: /volatile/home/cp251292/gits/EBIII_N2/DNAseq/GWAS_tutorial
Start time: Sun Jun  1 13:36:19 2025

Random number seed: 1748777779
15447 MB RAM detected; reserving 7723 MB for main workspace.
25488488 variants loaded from .bim file.
10375501 missing IDs set.
629 people (0 males, 0 females, 629 ambiguous) loaded from .fam.
Ambiguous sex IDs written to
ALL.2of4intersection.20100804.genotypes_no_missing_IDs.nosex .
Using 1 thread (no multithreaded calculations invoked).
Before main variant filters, 629 founders and 0 nonfounders present.
Calculating allele frequencies... done.
Total genotyping rate is 0.615305.
25488488 variants and 629 people pass filters and QC.
Note: No phenotypes present.
--make-bed to ALL.2of4intersection.20100804.genotypes_no_missing_IDs.bed +
ALL.2of4intersection.20100804.genotypes_no_missing_IDs.bim +
ALL.2of4intersection.20100804.genotypes_no_missing_IDs.fam ... done.

End time: Sun Jun  1 13:36:38 2025
